::1 - - [03/Aug/2021:11:27:20 +0000] "POST /api/persons HTTP/1.1" 400 32 "-" "PostmanRuntime/7.28.1"
[0mPOST /api/persons [33m400[0m 2.481 ms - 32[0m
::1 - - [03/Aug/2021:11:31:16 +0000] "POST /api/persons HTTP/1.1" 200 58 "-" "PostmanRuntime/7.28.1"
::ffff:127.0.0.1 - - [04/Aug/2021:12:19:03 +0000] "GET /api/persons HTTP/1.1" 200 225 "http://localhost:3000/" "Mozilla/5.0 (X11; Linux x86_64; rv:89.0) Gecko/20100101 Firefox/89.0"
::ffff:127.0.0.1 - - [04/Aug/2021:12:28:53 +0000] "GET /api/persons HTTP/1.1" 304 - "http://localhost:3000/" "Mozilla/5.0 (X11; Linux x86_64; rv:89.0) Gecko/20100101 Firefox/89.0"
::ffff:127.0.0.1 - - [04/Aug/2021:17:14:12 +0000] "GET /api/persons HTTP/1.1" 200 225 "http://localhost:3000/" "Mozilla/5.0 (X11; Linux x86_64; rv:89.0) Gecko/20100101 Firefox/89.0"
::ffff:127.0.0.1 - - [04/Aug/2021:17:31:12 +0000] "GET /api/persons HTTP/1.1" 200 225 "http://localhost:3000/" "Mozilla/5.0 (X11; Linux x86_64; rv:89.0) Gecko/20100101 Firefox/89.0"
::ffff:127.0.0.1 - - [04/Aug/2021:17:31:41 +0000] "POST /api/persons HTTP/1.1" 200 56 "http://localhost:3000/" "Mozilla/5.0 (X11; Linux x86_64; rv:89.0) Gecko/20100101 Firefox/89.0"
::ffff:127.0.0.1 - - [04/Aug/2021:17:32:59 +0000] "DELETE /api/persons/7 HTTP/1.1" 204 - "http://localhost:3000/" "Mozilla/5.0 (X11; Linux x86_64; rv:89.0) Gecko/20100101 Firefox/89.0"
::ffff:127.0.0.1 - - [04/Aug/2021:17:33:09 +0000] "POST /api/persons HTTP/1.1" 200 55 "http://localhost:3000/" "Mozilla/5.0 (X11; Linux x86_64; rv:89.0) Gecko/20100101 Firefox/89.0"
::ffff:127.0.0.1 - - [04/Aug/2021:17:35:01 +0000] "DELETE /api/persons/7 HTTP/1.1" 204 - "http://localhost:3000/" "Mozilla/5.0 (X11; Linux x86_64; rv:89.0) Gecko/20100101 Firefox/89.0"
::ffff:127.0.0.1 - - [04/Aug/2021:17:35:08 +0000] "POST /api/persons HTTP/1.1" 200 55 "http://localhost:3000/" "Mozilla/5.0 (X11; Linux x86_64; rv:89.0) Gecko/20100101 Firefox/89.0"
::ffff:127.0.0.1 - - [04/Aug/2021:17:35:54 +0000] "DELETE /api/persons/7 HTTP/1.1" 204 - "http://localhost:3000/" "Mozilla/5.0 (X11; Linux x86_64; rv:89.0) Gecko/20100101 Firefox/89.0"
::ffff:127.0.0.1 - - [04/Aug/2021:17:36:01 +0000] "POST /api/persons HTTP/1.1" 200 53 "http://localhost:3000/" "Mozilla/5.0 (X11; Linux x86_64; rv:89.0) Gecko/20100101 Firefox/89.0"
::ffff:127.0.0.1 - - [04/Aug/2021:17:37:21 +0000] "DELETE /api/persons/7 HTTP/1.1" 204 - "http://localhost:3000/" "Mozilla/5.0 (X11; Linux x86_64; rv:89.0) Gecko/20100101 Firefox/89.0"
::ffff:127.0.0.1 - - [04/Aug/2021:17:37:31 +0000] "POST /api/persons HTTP/1.1" 200 60 "http://localhost:3000/" "Mozilla/5.0 (X11; Linux x86_64; rv:89.0) Gecko/20100101 Firefox/89.0"
::ffff:127.0.0.1 - - [04/Aug/2021:17:38:40 +0000] "POST /api/persons HTTP/1.1" 200 59 "http://localhost:3000/" "Mozilla/5.0 (X11; Linux x86_64; rv:89.0) Gecko/20100101 Firefox/89.0"
::ffff:127.0.0.1 - - [04/Aug/2021:17:39:23 +0000] "DELETE /api/persons/7 HTTP/1.1" 204 - "http://localhost:3000/" "Mozilla/5.0 (X11; Linux x86_64; rv:89.0) Gecko/20100101 Firefox/89.0"
::ffff:127.0.0.1 - - [04/Aug/2021:17:39:24 +0000] "POST /api/persons HTTP/1.1" 200 59 "http://localhost:3000/" "Mozilla/5.0 (X11; Linux x86_64; rv:89.0) Gecko/20100101 Firefox/89.0"
::ffff:127.0.0.1 - - [04/Aug/2021:17:40:30 +0000] "DELETE /api/persons/7 HTTP/1.1" 204 - "http://localhost:3000/" "Mozilla/5.0 (X11; Linux x86_64; rv:89.0) Gecko/20100101 Firefox/89.0"
::ffff:127.0.0.1 - - [04/Aug/2021:17:40:39 +0000] "POST /api/persons HTTP/1.1" 200 57 "http://localhost:3000/" "Mozilla/5.0 (X11; Linux x86_64; rv:89.0) Gecko/20100101 Firefox/89.0"
::ffff:127.0.0.1 - - [04/Aug/2021:17:41:15 +0000] "DELETE /api/persons/7 HTTP/1.1" 204 - "http://localhost:3000/" "Mozilla/5.0 (X11; Linux x86_64; rv:89.0) Gecko/20100101 Firefox/89.0"
::ffff:127.0.0.1 - - [04/Aug/2021:17:41:21 +0000] "POST /api/persons HTTP/1.1" 200 46 "http://localhost:3000/" "Mozilla/5.0 (X11; Linux x86_64; rv:89.0) Gecko/20100101 Firefox/89.0"
::ffff:127.0.0.1 - - [04/Aug/2021:17:42:30 +0000] "DELETE /api/persons/7 HTTP/1.1" 204 - "http://localhost:3000/" "Mozilla/5.0 (X11; Linux x86_64; rv:89.0) Gecko/20100101 Firefox/89.0"
::1 - - [04/Aug/2021:22:18:15 +0000] "GET /api/persons HTTP/1.1" 200 225 "-" "Mozilla/5.0 (X11; Linux x86_64) AppleWebKit/537.36 (KHTML, like Gecko) Chrome/91.0.4472.114 Safari/537.36"
::1 - - [04/Aug/2021:22:18:15 +0000] "GET /favicon.ico HTTP/1.1" 404 150 "http://localhost:4000/api/persons" "Mozilla/5.0 (X11; Linux x86_64) AppleWebKit/537.36 (KHTML, like Gecko) Chrome/91.0.4472.114 Safari/537.36"
::1 - - [04/Aug/2021:22:19:25 +0000] "GET /api/persons HTTP/1.1" 200 201 "-" "Mozilla/5.0 (X11; Linux x86_64) AppleWebKit/537.36 (KHTML, like Gecko) Chrome/91.0.4472.114 Safari/537.36"
::ffff:127.0.0.1 - - [09/Aug/2021:16:19:32 +0000] "GET /api/persons HTTP/1.1" 200 201 "http://localhost:3000/" "Mozilla/5.0 (X11; Linux x86_64; rv:89.0) Gecko/20100101 Firefox/89.0"
::ffff:127.0.0.1 - - [09/Aug/2021:16:19:48 +0000] "DELETE /api/persons/2 HTTP/1.1" 204 - "http://localhost:3000/" "Mozilla/5.0 (X11; Linux x86_64; rv:89.0) Gecko/20100101 Firefox/89.0"
::ffff:127.0.0.1 - - [09/Aug/2021:16:20:04 +0000] "POST /api/persons HTTP/1.1" 200 54 "http://localhost:3000/" "Mozilla/5.0 (X11; Linux x86_64; rv:89.0) Gecko/20100101 Firefox/89.0"
::ffff:127.0.0.1 - - [09/Aug/2021:16:20:15 +0000] "POST /api/persons HTTP/1.1" 200 54 "http://localhost:3000/" "Mozilla/5.0 (X11; Linux x86_64; rv:89.0) Gecko/20100101 Firefox/89.0"
::1 - - [09/Aug/2021:16:54:42 +0000] "GET /api/persons HTTP/1.1" 200 169 "-" "Mozilla/5.0 (X11; Linux x86_64) AppleWebKit/537.36 (KHTML, like Gecko) Chrome/91.0.4472.114 Safari/537.36"
::1 - - [09/Aug/2021:16:54:42 +0000] "GET /favicon.ico HTTP/1.1" 404 150 "http://localhost:4000/api/persons" "Mozilla/5.0 (X11; Linux x86_64) AppleWebKit/537.36 (KHTML, like Gecko) Chrome/91.0.4472.114 Safari/537.36"
::1 - - [09/Aug/2021:17:34:30 +0000] "POST /api/persons HTTP/1.1" 200 83 "-" "PostmanRuntime/7.28.1"
::1 - - [09/Aug/2021:17:57:04 +0000] "POST /api/persons HTTP/1.1" 200 83 "-" "PostmanRuntime/7.28.1"
::1 - - [09/Aug/2021:17:59:32 +0000] "POST /api/persons HTTP/1.1" 200 83 "-" "PostmanRuntime/7.28.1"
::1 - - [09/Aug/2021:18:12:30 +0000] "GET /api/persons/7 HTTP/1.1" 200 83 "-" "Mozilla/5.0 (X11; Linux x86_64) AppleWebKit/537.36 (KHTML, like Gecko) Chrome/91.0.4472.114 Safari/537.36"
::1 - - [09/Aug/2021:18:13:11 +0000] "GET /api/persons/7 HTTP/1.1" 304 - "-" "Mozilla/5.0 (X11; Linux x86_64) AppleWebKit/537.36 (KHTML, like Gecko) Chrome/91.0.4472.114 Safari/537.36"
::ffff:127.0.0.1 - - [09/Aug/2021:18:19:44 +0000] "GET /api/persons HTTP/1.1" 404 150 "http://localhost:3000/" "Mozilla/5.0 (X11; Linux x86_64; rv:89.0) Gecko/20100101 Firefox/89.0"
::1 - - [09/Aug/2021:18:24:23 +0000] "POST /api/persons HTTP/1.1" 200 99 "-" "PostmanRuntime/7.28.1"
::1 - - [09/Aug/2021:18:25:49 +0000] "GET /api/persons HTTP/1.1" 404 150 "-" "PostmanRuntime/7.28.1"
::ffff:127.0.0.1 - - [09/Aug/2021:18:40:24 +0000] "GET /api/persons HTTP/1.1" - - "http://localhost:3000/" "Mozilla/5.0 (X11; Linux x86_64; rv:89.0) Gecko/20100101 Firefox/89.0"
::ffff:127.0.0.1 - - [09/Aug/2021:18:41:52 +0000] "GET /api/persons HTTP/1.1" - - "http://localhost:3000/" "Mozilla/5.0 (X11; Linux x86_64; rv:89.0) Gecko/20100101 Firefox/89.0"
::ffff:127.0.0.1 - - [09/Aug/2021:18:41:52 +0000] "GET /api/persons HTTP/1.1" - - "http://localhost:3000/" "Mozilla/5.0 (X11; Linux x86_64; rv:89.0) Gecko/20100101 Firefox/89.0"
::ffff:127.0.0.1 - - [09/Aug/2021:18:42:01 +0000] "GET /api/persons HTTP/1.1" - - "http://localhost:3000/" "Mozilla/5.0 (X11; Linux x86_64; rv:89.0) Gecko/20100101 Firefox/89.0"
::ffff:127.0.0.1 - - [09/Aug/2021:18:42:16 +0000] "GET /api/persons HTTP/1.1" - - "http://localhost:3000/" "Mozilla/5.0 (X11; Linux x86_64; rv:89.0) Gecko/20100101 Firefox/89.0"
::ffff:127.0.0.1 - - [09/Aug/2021:18:42:52 +0000] "GET /api/persons HTTP/1.1" - - "-" "Mozilla/5.0 (X11; Linux x86_64; rv:89.0) Gecko/20100101 Firefox/89.0"
::1 - - [09/Aug/2021:19:23:58 +0000] "POST /api/persons HTTP/1.1" 404 151 "-" "PostmanRuntime/7.28.1"
::1 - - [09/Aug/2021:19:25:11 +0000] "POST /api/persons HTTP/1.1" 200 96 "-" "PostmanRuntime/7.28.1"
::ffff:127.0.0.1 - - [10/Aug/2021:08:11:13 +0000] "GET /api/persons HTTP/1.1" - - "http://localhost:3000/" "Mozilla/5.0 (X11; Linux x86_64; rv:89.0) Gecko/20100101 Firefox/89.0"
::1 - - [10/Aug/2021:08:11:53 +0000] "GET /api/persons HTTP/1.1" - - "-" "PostmanRuntime/7.28.1"
::1 - - [10/Aug/2021:08:14:02 +0000] "GET /api/persons HTTP/1.1" 200 98 "-" "PostmanRuntime/7.28.1"
::ffff:127.0.0.1 - - [10/Aug/2021:08:16:45 +0000] "GET /api/persons HTTP/1.1" 200 98 "http://localhost:3000/" "Mozilla/5.0 (X11; Linux x86_64; rv:89.0) Gecko/20100101 Firefox/89.0"
::ffff:127.0.0.1 - - [10/Aug/2021:08:17:04 +0000] "POST /api/persons HTTP/1.1" 200 93 "http://localhost:3000/" "Mozilla/5.0 (X11; Linux x86_64; rv:89.0) Gecko/20100101 Firefox/89.0"
::ffff:127.0.0.1 - - [10/Aug/2021:14:30:36 +0000] "GET /api/persons HTTP/1.1" 200 192 "http://localhost:3000/" "Mozilla/5.0 (X11; Linux x86_64; rv:89.0) Gecko/20100101 Firefox/89.0"
::1 - - [10/Aug/2021:14:49:14 +0000] "GET /api/persons HTTP/1.1" 404 150 "-" "PostmanRuntime/7.28.1"
::1 - - [10/Aug/2021:14:50:24 +0000] "GET /api/persons HTTP/1.1" 200 192 "-" "PostmanRuntime/7.28.1"
::1 - - [10/Aug/2021:15:05:31 +0000] "GET /api/persons/6111811793a98c56c3ea7195 HTTP/1.1" 200 96 "-" "PostmanRuntime/7.28.1"
::1 - - [10/Aug/2021:15:12:16 +0000] "POST /api/persons HTTP/1.1" 200 99 "-" "PostmanRuntime/7.28.1"
::ffff:127.0.0.1 - - [10/Aug/2021:15:12:34 +0000] "GET /api/persons HTTP/1.1" 200 292 "http://localhost:3000/" "Mozilla/5.0 (X11; Linux x86_64; rv:89.0) Gecko/20100101 Firefox/89.0"
::1 - - [10/Aug/2021:15:16:19 +0000] "POST /api/persons HTTP/1.1" 200 106 "-" "PostmanRuntime/7.28.1"
::ffff:127.0.0.1 - - [10/Aug/2021:15:17:35 +0000] "GET /api/persons HTTP/1.1" 200 399 "http://localhost:3000/" "Mozilla/5.0 (X11; Linux x86_64; rv:89.0) Gecko/20100101 Firefox/89.0"
::ffff:127.0.0.1 - - [10/Aug/2021:15:17:42 +0000] "POST /api/persons HTTP/1.1" 200 91 "http://localhost:3000/" "Mozilla/5.0 (X11; Linux x86_64; rv:89.0) Gecko/20100101 Firefox/89.0"
::1 - - [10/Aug/2021:15:45:30 +0000] "PUT /api/persons/6111811793a98c56c3ea7195 HTTP/1.1" 200 96 "-" "PostmanRuntime/7.28.1"
::1 - - [10/Aug/2021:15:45:58 +0000] "PUT /api/persons/6111811793a98c56c3ea7195 HTTP/1.1" 200 96 "-" "PostmanRuntime/7.28.1"
::1 - - [10/Aug/2021:15:47:43 +0000] "PUT /api/persons/6111811793a98c56c3ea7195 HTTP/1.1" 200 96 "-" "PostmanRuntime/7.28.1"
::1 - - [10/Aug/2021:15:48:23 +0000] "PUT /api/persons/6111811793a98c56c3ea7195 HTTP/1.1" 200 97 "-" "PostmanRuntime/7.28.1"
::1 - - [10/Aug/2021:15:48:36 +0000] "PUT /api/persons/6111811793a98c56c3ea7195 HTTP/1.1" 200 97 "-" "PostmanRuntime/7.28.1"
::1 - - [10/Aug/2021:16:26:34 +0000] "DELETE /api/persons/6111811793a98c56c3ea7195 HTTP/1.1" 204 - "-" "PostmanRuntime/7.28.1"
::ffff:127.0.0.1 - - [10/Aug/2021:16:26:52 +0000] "GET /api/persons HTTP/1.1" 200 394 "http://localhost:3000/" "Mozilla/5.0 (X11; Linux x86_64; rv:89.0) Gecko/20100101 Firefox/89.0"
::1 - - [10/Aug/2021:16:29:20 +0000] "GET /api/persons/6111811793a98c56c3ea7195 HTTP/1.1" - - "-" "PostmanRuntime/7.28.1"
::1 - - [10/Aug/2021:16:29:24 +0000] "GET /api/persons HTTP/1.1" 200 394 "-" "PostmanRuntime/7.28.1"
::ffff:127.0.0.1 - - [10/Aug/2021:16:29:43 +0000] "GET /api/persons/61129750b18c91539515f44b HTTP/1.1" 200 99 "-" "Mozilla/5.0 (X11; Linux x86_64; rv:89.0) Gecko/20100101 Firefox/89.0"
